[36mvite v6.4.1 [32mbuilding for production...[36m[39m
transforming...
[32mÔ£ô[39m 5 modules transformed.
node.exe : 
[31mÔ£ù[39m Build 
failed in 69ms
At C:\Program Files\no
dejs\npx.ps1:29 char:3
+   & $NODE_EXE 
$NPX_CLI_JS $args
+   ~~~~~~~~~~~~~~~~~~
~~~~~~~~~~~
    + CategoryInfo    
          : NotSpeci  
  fied: ([31mÔ£ù[   
 39m Build failed     
in 69ms:String) [    
], RemoteExceptio    n
    + FullyQualifiedE 
   rrorId : NativeCo  
  mmandError
 
[31merror during 
build:
[31mCould not 
resolve 
"../styles/main.css" 
from 
"src/vm-main.ts"[31m
file: [36mC:/Users/jo
ben/Desktop/nand2tetri
s-companion/alternativ
e/src/vm-main.ts[31m
    at getRollupError 
(file:///C:/Users/jobe
n/Desktop/nand2tetris-
companion/alternative/
node_modules/rollup/di
st/es/shared/parseAst.
js:402:41)
    at error (file:///
C:/Users/joben/Desktop
/nand2tetris-companion
/alternative/node_modu
les/rollup/dist/es/sha
red/parseAst.js:398:42
)
    at ModuleLoader.ha
ndleInvalidResolvedId 
(file:///C:/Users/jobe
n/Desktop/nand2tetris-
companion/alternative/
node_modules/rollup/di
st/es/shared/node-entr
y.js:21687:24)
    at file:///C:/User
s/joben/Desktop/nand2t
etris-companion/altern
ative/node_modules/rol
lup/dist/es/shared/nod
e-entry.js:21647:26[3
9m
